---
source: src/core/vs/tests.rs
expression: result
---
[
    VsInstallation {
        instance_id: "76a9c886",
        installation_path: "C:\\Program Files (x86)\\Microsoft Visual Studio\\2022\\BuildTools",
        installation_version: "17.14.36915.13",
        display_name: "Visual Studio Build Tools 2022",
        is_complete: true,
        is_prerelease: false,
    },
]
