---
source: src/task/tools/git/tests.rs
expression: tool
---
GitTool {
    url: None,
    path: Some(
        "/tmp/repo",
    ),
    branch: None,
    remote: None,
    target: Some(
        "feature-branch",
    ),
    shallow: false,
    force: false,
    recursive: true,
    operation: Checkout,
}
