---
source: src/config/tests.rs
expression: "serde_json::json!({\n    \"global.dry\": config.global.dry, \"global.output_log_level\":\n    config.global.output_log_level.as_u8(), \"task.mo_org\": config.task.mo_org,\n    \"task.configuration\": config.task.configuration.to_string(),\n    \"paths.prefix\": config.paths.prefix,\n})"
---
global.dry: true
global.output_log_level: 4
paths.prefix: /test/path
task.configuration: Debug
task.mo_org: TestOrg
